// Vitest Snapshot v1, https://vitest.dev/guide/snapshot.html

exports[`deno > should match everything 1`] = `
[
  "deno",
  "postgresql",
  "sqlite",
]
`;
