// Vitest Snapshot v1, https://vitest.dev/guide/snapshot.html

exports[`ci > should match everything 1`] = `
[
  "appveyor",
  "azure.ci",
  "browserstack",
  "circleci",
  "cirrusci",
  "cloudbees.codeship",
  "codeclimate",
  "codecov",
  "codesandboxci",
  "cypressci",
  "deepsource",
  "dependabot",
  "droneci",
  "github.actions",
  "gitlab.ci",
  "javascript",
  "jenkins",
  "relativeci",
  "renovate",
  "sonarqube",
  "styleci",
  "teamcity",
  "travisci",
]
`;
