// Vitest Snapshot v1, https://vitest.dev/guide/snapshot.html

exports[`npm > should match everything 1`] = `
[
  "adyen",
  "airtable",
  "algolia",
  "alpinejs",
  "amplitude",
  "angular",
  "apache_kafka",
  "apiplatform",
  "auth0",
  "aws",
  "aws.amplifyhosting",
  "aws.apigateway",
  "aws.athena",
  "aws.cloudformation",
  "aws.cloudfront",
  "aws.cloudsearch",
  "aws.cloudwatch",
  "aws.codebuild",
  "aws.documentdb",
  "aws.dynamodb",
  "aws.ebs",
  "aws.ec2",
  "aws.ecr",
  "aws.ecs",
  "aws.efs",
  "aws.eks",
  "aws.elasticache",
  "aws.glacier",
  "aws.glue",
  "aws.kinesis",
  "aws.kms",
  "aws.lambda",
  "aws.lightsail",
  "aws.memorydb",
  "aws.mq",
  "aws.neptune",
  "aws.opensearch",
  "aws.polly",
  "aws.rds",
  "aws.redshift",
  "aws.rekognition",
  "aws.s3",
  "aws.sagemaker",
  "aws.secretsmanager",
  "aws.sfn",
  "aws.sns",
  "aws.sqs",
  "aws.timestream",
  "aws.translate",
  "azure",
  "azure.cosmosdb",
  "azure.mariadb",
  "azure.mysql",
  "azure.postgres",
  "azure.redis",
  "azure.sql",
  "betterstack",
  "bigcommerce",
  "bootstrap",
  "brevo",
  "browserstack",
  "clickhouse",
  "cloudflare",
  "cloudflare.workers",
  "commercetools",
  "contenful",
  "couchbase",
  "coveralls",
  "crowdin",
  "cypressci",
  "d3js",
  "datadog",
  "deferrun",
  "discord",
  "docusign",
  "dynatrace",
  "elasticsearch",
  "electron",
  "emberjs",
  "esbuild",
  "eslint",
  "express",
  "fastify",
  "fastly",
  "figma",
  "firebase",
  "gatsby",
  "gcp",
  "gcp.aiplatform",
  "gcp.appengine",
  "gcp.artifactregistry",
  "gcp.bigquery",
  "gcp.bigtable",
  "gcp.cloudbuild",
  "gcp.cloudrun",
  "gcp.dataflow",
  "gcp.dataproc",
  "gcp.datastore",
  "gcp.dialogflow",
  "gcp.dns",
  "gcp.functions",
  "gcp.gce",
  "gcp.gcs",
  "gcp.kms",
  "gcp.language",
  "gcp.logging",
  "gcp.maps",
  "gcp.memorystore",
  "gcp.pubsub",
  "gcp.secretmanager",
  "gcp.spanner",
  "gcp.speech",
  "gcp.sql",
  "gcp.tasks",
  "gcp.translate",
  "gcp.vision",
  "gitbook",
  "github",
  "hotjar",
  "huggingface",
  "hyperdx",
  "hypertune",
  "influxdb",
  "intercom",
  "jira",
  "koa",
  "koalaanalytics",
  "koyeb",
  "kubernetes",
  "launchdarkly",
  "lemonsqueezy",
  "lighthouse",
  "logrocket",
  "logsnag",
  "logstash",
  "magento",
  "mailchimp",
  "mailgun",
  "mailjet",
  "mariadb",
  "meilisearch",
  "memcached",
  "meteorjs",
  "mithriljs",
  "mongodb",
  "mysql",
  "neo4j",
  "netlify",
  "newrelic",
  "nextjs",
  "nodejs",
  "nuxtjs",
  "okta",
  "openai",
  "oraclecloud",
  "ovh",
  "pagerduty",
  "papertrail",
  "paypal",
  "pirschanalytics",
  "placekit",
  "playwright",
  "postgresql",
  "posthog",
  "postman",
  "postmark",
  "preactjs",
  "prettier",
  "prisma",
  "puppeteer",
  "rabbitmq",
  "react",
  "reactemail",
  "redis",
  "redwoodjs",
  "relativeci",
  "renovate",
  "replit",
  "replit.database",
  "resend",
  "rollbar",
  "rollup",
  "salesforce",
  "sanity",
  "sap",
  "scaleway",
  "scoutapm",
  "sendgrid",
  "sentry",
  "sequelize",
  "shopify",
  "sitecore",
  "sitecore.xmlcloud",
  "slack",
  "snyk",
  "socketio",
  "solidjs",
  "splitio",
  "sqlite",
  "sqreen",
  "squarespace",
  "storybook",
  "strapi",
  "stripe",
  "supabase",
  "supabase.functions",
  "supabase.postgres",
  "supabase.realtime",
  "supabase.storage",
  "sveltejs",
  "tailwind",
  "telegram",
  "terraform",
  "tinybird",
  "twilio",
  "typescript",
  "typesense",
  "upstash",
  "upstash.kafka",
  "upstash.qstash",
  "upstash.redis",
  "vercel",
  "vercel.ai",
  "vercel.analytics",
  "vercel.blob",
  "vercel.edge",
  "vercel.kv",
  "vercel.postgres",
  "veriff",
  "vite",
  "vue",
  "webflow",
  "webpack",
  "zendesk",
]
`;

exports[`npm > should match everything 2`] = `
[
  [
    "npm",
    "@adobe/magento-storefront-events-sdk",
    "0.0.0",
  ],
  [
    "npm",
    "@adyen/adyen-web",
    "0.0.0",
  ],
  [
    "npm",
    "@adyen/api-library",
    "0.0.0",
  ],
  [
    "npm",
    "@adyen/react-native",
    "0.0.0",
  ],
  [
    "npm",
    "@algolia/client",
    "0.0.0",
  ],
  [
    "npm",
    "@amplitude/analytics-browser",
    "0.0.0",
  ],
  [
    "npm",
    "@angular/forms",
    "0.0.0",
  ],
  [
    "npm",
    "@api-platform/client",
    "0.0.0",
  ],
  [
    "npm",
    "@auth0/auth0-react",
    "0.0.0",
  ],
  [
    "npm",
    "@aws-amplify/ui-react",
    "0.0.0",
  ],
  [
    "npm",
    "@aws-cdk/aws-apigateway",
    "0.0.0",
  ],
  [
    "npm",
    "@aws-cdk/aws-athena",
    "0.0.0",
  ],
  [
    "npm",
    "@aws-cdk/aws-cloudformation",
    "0.0.0",
  ],
  [
    "npm",
    "@aws-cdk/aws-cloudfront",
    "0.0.0",
  ],
  [
    "npm",
    "@aws-cdk/aws-cloudsearch",
    "0.0.0",
  ],
  [
    "npm",
    "@aws-cdk/aws-cloudwatch",
    "0.0.0",
  ],
  [
    "npm",
    "@aws-cdk/aws-docdb",
    "0.0.0",
  ],
  [
    "npm",
    "@aws-cdk/aws-dynamodb",
    "0.0.0",
  ],
  [
    "npm",
    "@aws-cdk/aws-ebs",
    "0.0.0",
  ],
  [
    "npm",
    "@aws-cdk/aws-ec2",
    "0.0.0",
  ],
  [
    "npm",
    "@aws-cdk/aws-ecr",
    "0.0.0",
  ],
  [
    "npm",
    "@aws-cdk/aws-ecs",
    "0.0.0",
  ],
  [
    "npm",
    "@aws-cdk/aws-efs",
    "0.0.0",
  ],
  [
    "npm",
    "@aws-cdk/aws-eks",
    "0.0.0",
  ],
  [
    "npm",
    "@aws-cdk/aws-elasticache",
    "0.0.0",
  ],
  [
    "npm",
    "@aws-cdk/aws-firehose",
    "0.0.0",
  ],
  [
    "npm",
    "@aws-cdk/aws-glue",
    "0.0.0",
  ],
  [
    "npm",
    "@aws-cdk/aws-kinesis",
    "0.0.0",
  ],
  [
    "npm",
    "@aws-cdk/aws-kms",
    "0.0.0",
  ],
  [
    "npm",
    "@aws-cdk/aws-lambda",
    "0.0.0",
  ],
  [
    "npm",
    "@aws-cdk/aws-lightsail",
    "0.0.0",
  ],
  [
    "npm",
    "@aws-cdk/aws-memorydb",
    "0.0.0",
  ],
  [
    "npm",
    "@aws-cdk/aws-mq",
    "0.0.0",
  ],
  [
    "npm",
    "@aws-cdk/aws-neptune",
    "0.0.0",
  ],
  [
    "npm",
    "@aws-cdk/aws-opensearch",
    "0.0.0",
  ],
  [
    "npm",
    "@aws-cdk/aws-polly",
    "0.0.0",
  ],
  [
    "npm",
    "@aws-cdk/aws-rds",
    "0.0.0",
  ],
  [
    "npm",
    "@aws-cdk/aws-redshift",
    "0.0.0",
  ],
  [
    "npm",
    "@aws-cdk/aws-rekognition",
    "0.0.0",
  ],
  [
    "npm",
    "@aws-cdk/aws-sagemaker",
    "0.0.0",
  ],
  [
    "npm",
    "@aws-cdk/aws-secretsmanager",
    "0.0.0",
  ],
  [
    "npm",
    "@aws-cdk/aws-sfn",
    "0.0.0",
  ],
  [
    "npm",
    "@aws-cdk/aws-sns",
    "0.0.0",
  ],
  [
    "npm",
    "@aws-cdk/aws-sqs",
    "0.0.0",
  ],
  [
    "npm",
    "@aws-cdk/aws-timestream",
    "0.0.0",
  ],
  [
    "npm",
    "@aws-cdk/aws-translate",
    "0.0.0",
  ],
  [
    "npm",
    "@aws-sdk/aws-redshift",
    "0.0.0",
  ],
  [
    "npm",
    "@aws-sdk/client-",
    "0.0.0",
  ],
  [
    "npm",
    "@aws-sdk/client-apigateway",
    "0.0.0",
  ],
  [
    "npm",
    "@aws-sdk/client-athena",
    "0.0.0",
  ],
  [
    "npm",
    "@aws-sdk/client-cloudformation",
    "0.0.0",
  ],
  [
    "npm",
    "@aws-sdk/client-cloudfront",
    "0.0.0",
  ],
  [
    "npm",
    "@aws-sdk/client-cloudsearch",
    "0.0.0",
  ],
  [
    "npm",
    "@aws-sdk/client-cloudwatch",
    "0.0.0",
  ],
  [
    "npm",
    "@aws-sdk/client-codebuild",
    "0.0.0",
  ],
  [
    "npm",
    "@aws-sdk/client-docdb",
    "0.0.0",
  ],
  [
    "npm",
    "@aws-sdk/client-dynamodb-streams",
    "0.0.0",
  ],
  [
    "npm",
    "@aws-sdk/client-ebs",
    "0.0.0",
  ],
  [
    "npm",
    "@aws-sdk/client-ec2",
    "0.0.0",
  ],
  [
    "npm",
    "@aws-sdk/client-ecr",
    "0.0.0",
  ],
  [
    "npm",
    "@aws-sdk/client-ecs",
    "0.0.0",
  ],
  [
    "npm",
    "@aws-sdk/client-efs",
    "0.0.0",
  ],
  [
    "npm",
    "@aws-sdk/client-eks",
    "0.0.0",
  ],
  [
    "npm",
    "@aws-sdk/client-elasticache",
    "0.0.0",
  ],
  [
    "npm",
    "@aws-sdk/client-firehose",
    "0.0.0",
  ],
  [
    "npm",
    "@aws-sdk/client-glacier",
    "0.0.0",
  ],
  [
    "npm",
    "@aws-sdk/client-glue",
    "0.0.0",
  ],
  [
    "npm",
    "@aws-sdk/client-kinesis",
    "0.0.0",
  ],
  [
    "npm",
    "@aws-sdk/client-kms",
    "0.0.0",
  ],
  [
    "npm",
    "@aws-sdk/client-lambda",
    "0.0.0",
  ],
  [
    "npm",
    "@aws-sdk/client-lightsail",
    "0.0.0",
  ],
  [
    "npm",
    "@aws-sdk/client-memorydb",
    "0.0.0",
  ],
  [
    "npm",
    "@aws-sdk/client-mq",
    "0.0.0",
  ],
  [
    "npm",
    "@aws-sdk/client-neptune",
    "0.0.0",
  ],
  [
    "npm",
    "@aws-sdk/client-opensearch",
    "0.0.0",
  ],
  [
    "npm",
    "@aws-sdk/client-polly",
    "0.0.0",
  ],
  [
    "npm",
    "@aws-sdk/client-rds",
    "0.0.0",
  ],
  [
    "npm",
    "@aws-sdk/client-rekognition",
    "0.0.0",
  ],
  [
    "npm",
    "@aws-sdk/client-s3",
    "0.0.0",
  ],
  [
    "npm",
    "@aws-sdk/client-sagemaker",
    "0.0.0",
  ],
  [
    "npm",
    "@aws-sdk/client-secrets-manager",
    "0.0.0",
  ],
  [
    "npm",
    "@aws-sdk/client-sfn",
    "0.0.0",
  ],
  [
    "npm",
    "@aws-sdk/client-sns",
    "0.0.0",
  ],
  [
    "npm",
    "@aws-sdk/client-sqs",
    "0.0.0",
  ],
  [
    "npm",
    "@aws-sdk/client-timestream",
    "0.0.0",
  ],
  [
    "npm",
    "@aws-sdk/client-translate",
    "0.0.0",
  ],
  [
    "npm",
    "@aws-sdk/middleware-sdk-rds",
    "0.0.0",
  ],
  [
    "npm",
    "@azure/arm-cosmosdb",
    "0.0.0",
  ],
  [
    "npm",
    "@azure/arm-mariadb",
    "0.0.0",
  ],
  [
    "npm",
    "@azure/arm-mysql",
    "0.0.0",
  ],
  [
    "npm",
    "@azure/arm-postgresql",
    "0.0.0",
  ],
  [
    "npm",
    "@azure/arm-redis",
    "0.0.0",
  ],
  [
    "npm",
    "@azure/arm-sql",
    "0.0.0",
  ],
  [
    "npm",
    "@azure/cosmos",
    "0.0.0",
  ],
  [
    "npm",
    "@bigcommerce/checkout-sdk",
    "0.0.0",
  ],
  [
    "npm",
    "@clickhouse/client",
    "0.0.0",
  ],
  [
    "npm",
    "@cloudflare/kv-asset-handler",
    "0.0.0",
  ],
  [
    "npm",
    "@commercetools/platform-sdk",
    "0.0.0",
  ],
  [
    "npm",
    "@commercetools/sdk-client-v2",
    "0.0.0",
  ],
  [
    "npm",
    "@commercetools/sdk-middleware-http",
    "0.0.0",
  ],
  [
    "npm",
    "@crowdin/crowdin-api-client",
    "0.0.0",
  ],
  [
    "npm",
    "@datadog/cli",
    "0.0.0",
  ],
  [
    "npm",
    "@defer/client",
    "0.0.0",
  ],
  [
    "npm",
    "@defer/redwood",
    "0.0.0",
  ],
  [
    "npm",
    "@docsearch/react",
    "0.0.0",
  ],
  [
    "npm",
    "@dynatrace/opentelemetry-core",
    "0.0.0",
  ],
  [
    "npm",
    "@edge-runtime/primitives",
    "0.0.0",
  ],
  [
    "npm",
    "@elastic/elasticsearch",
    "0.0.0",
  ],
  [
    "npm",
    "@fastly/performance-observer-polyfill",
    "0.0.0",
  ],
  [
    "npm",
    "@figma/plugin-typings",
    "0.0.0",
  ],
  [
    "npm",
    "@firebase/auth",
    "0.0.0",
  ],
  [
    "npm",
    "@gatsbyjs/reach-router",
    "0.0.0",
  ],
  [
    "npm",
    "@getbrevo/brevo",
    "0.0.0",
  ],
  [
    "npm",
    "@getkoala/browser",
    "0.0.0",
  ],
  [
    "npm",
    "@gitbook/api",
    "0.0.0",
  ],
  [
    "npm",
    "@google-cloud/",
    "0.0.0",
  ],
  [
    "npm",
    "@google-cloud/aiplatform",
    "0.0.0",
  ],
  [
    "npm",
    "@google-cloud/appengine-admin",
    "0.0.0",
  ],
  [
    "npm",
    "@google-cloud/artifact-registry",
    "0.0.0",
  ],
  [
    "npm",
    "@google-cloud/bigquery",
    "0.0.0",
  ],
  [
    "npm",
    "@google-cloud/bigtable",
    "0.0.0",
  ],
  [
    "npm",
    "@google-cloud/cloud-sql-connector",
    "0.0.0",
  ],
  [
    "npm",
    "@google-cloud/cloudbuild",
    "0.0.0",
  ],
  [
    "npm",
    "@google-cloud/compute",
    "0.0.0",
  ],
  [
    "npm",
    "@google-cloud/dataflow",
    "0.0.0",
  ],
  [
    "npm",
    "@google-cloud/dataproc",
    "0.0.0",
  ],
  [
    "npm",
    "@google-cloud/datastore",
    "0.0.0",
  ],
  [
    "npm",
    "@google-cloud/dialogflow",
    "0.0.0",
  ],
  [
    "npm",
    "@google-cloud/dns",
    "0.0.0",
  ],
  [
    "npm",
    "@google-cloud/functions-framework",
    "0.0.0",
  ],
  [
    "npm",
    "@google-cloud/kms",
    "0.0.0",
  ],
  [
    "npm",
    "@google-cloud/language",
    "0.0.0",
  ],
  [
    "npm",
    "@google-cloud/logging",
    "0.0.0",
  ],
  [
    "npm",
    "@google-cloud/maps",
    "0.0.0",
  ],
  [
    "npm",
    "@google-cloud/pubsub",
    "0.0.0",
  ],
  [
    "npm",
    "@google-cloud/redis",
    "0.0.0",
  ],
  [
    "npm",
    "@google-cloud/run",
    "0.0.0",
  ],
  [
    "npm",
    "@google-cloud/secret-manager",
    "0.0.0",
  ],
  [
    "npm",
    "@google-cloud/spanner",
    "0.0.0",
  ],
  [
    "npm",
    "@google-cloud/speech",
    "0.0.0",
  ],
  [
    "npm",
    "@google-cloud/storage",
    "0.0.0",
  ],
  [
    "npm",
    "@google-cloud/tasks",
    "0.0.0",
  ],
  [
    "npm",
    "@google-cloud/translate",
    "0.0.0",
  ],
  [
    "npm",
    "@google-cloud/vision",
    "0.0.0",
  ],
  [
    "npm",
    "@hotjar/browser",
    "0.0.0",
  ],
  [
    "npm",
    "@hubspot/api-client",
    "0.0.0",
  ],
  [
    "npm",
    "@huggingface/inference",
    "0.0.0",
  ],
  [
    "npm",
    "@hyperdx/browser",
    "0.0.0",
  ],
  [
    "npm",
    "@hyperdx/deno",
    "0.0.0",
  ],
  [
    "npm",
    "@hyperdx/node-logger",
    "0.0.0",
  ],
  [
    "npm",
    "@hyperdx/node-opentelemetry",
    "0.0.0",
  ],
  [
    "npm",
    "@hyperdx/otel-react-native",
    "0.0.0",
  ],
  [
    "npm",
    "@iamtraction/google-translate",
    "0.0.0",
  ],
  [
    "npm",
    "@influxdata/influxdb-client",
    "0.0.0",
  ],
  [
    "npm",
    "@intercom/intercom-react-native",
    "0.0.0",
  ],
  [
    "npm",
    "@kubernetes/client-node",
    "0.0.0",
  ],
  [
    "npm",
    "@launchdarkly/cloudflare-server-sdk",
    "0.0.0",
  ],
  [
    "npm",
    "@logtail/node",
    "0.0.0",
  ],
  [
    "npm",
    "@mailchimp/mailchimp_marketing",
    "0.0.0",
  ],
  [
    "npm",
    "@mailchimp/mailchimp_transactional",
    "0.0.0",
  ],
  [
    "npm",
    "@meilisearch/instant-meilisearch",
    "0.0.0",
  ],
  [
    "npm",
    "@mikro-orm/mongodb",
    "0.0.0",
  ],
  [
    "npm",
    "@miniflare/cache",
    "0.0.0",
  ],
  [
    "npm",
    "@netlify/build",
    "0.0.0",
  ],
  [
    "npm",
    "@netlify/cache-utils",
    "0.0.0",
  ],
  [
    "npm",
    "@netlify/config",
    "0.0.0",
  ],
  [
    "npm",
    "@netlify/functions-utils",
    "0.0.0",
  ],
  [
    "npm",
    "@netlify/plugin-emails",
    "0.0.0",
  ],
  [
    "npm",
    "@netlify/plugin-gatsby",
    "0.0.0",
  ],
  [
    "npm",
    "@netlify/run-utils",
    "0.0.0",
  ],
  [
    "npm",
    "@nuxtjs/algolia",
    "0.0.0",
  ],
  [
    "npm",
    "@octokit/types",
    "0.0.0",
  ],
  [
    "npm",
    "@okta/okta-signin-widget",
    "0.0.0",
  ],
  [
    "npm",
    "@ovh-api/api",
    "0.0.0",
  ],
  [
    "npm",
    "@pagerduty/pdjs",
    "0.0.0",
  ],
  [
    "npm",
    "@paypal/paypal-js",
    "0.0.0",
  ],
  [
    "npm",
    "@placekit/client-js",
    "0.0.0",
  ],
  [
    "npm",
    "@redwoodjs/api",
    "0.0.0",
  ],
  [
    "npm",
    "@redwoodjs/api-server",
    "0.0.0",
  ],
  [
    "npm",
    "@redwoodjs/auth",
    "0.0.0",
  ],
  [
    "npm",
    "@redwoodjs/core",
    "0.0.0",
  ],
  [
    "npm",
    "@redwoodjs/telemetry",
    "0.0.0",
  ],
  [
    "npm",
    "@redwoodjs/web",
    "0.0.0",
  ],
  [
    "npm",
    "@relative-ci/agent",
    "0.0.0",
  ],
  [
    "npm",
    "@replit/database",
    "0.0.0",
  ],
  [
    "npm",
    "@rollbar/react",
    "0.0.0",
  ],
  [
    "npm",
    "@salesforce/kit",
    "0.0.0",
  ],
  [
    "npm",
    "@sap/hana-client",
    "0.0.0",
  ],
  [
    "npm",
    "@scaleway/sdk",
    "0.0.0",
  ],
  [
    "npm",
    "@sendgrid/mail",
    "0.0.0",
  ],
  [
    "npm",
    "@sendinblue/client",
    "0.0.0",
  ],
  [
    "npm",
    "@sentry/browser",
    "0.0.0",
  ],
  [
    "npm",
    "@shopify/cli",
    "0.0.0",
  ],
  [
    "npm",
    "@shopify/shopify-api",
    "0.0.0",
  ],
  [
    "npm",
    "@sitecore-jss/sitecore-jss",
    "0.0.0",
  ],
  [
    "npm",
    "@sitecore-jss/sitecore-jss-nextjs",
    "0.0.0",
  ],
  [
    "npm",
    "@slack/web-api",
    "0.0.0",
  ],
  [
    "npm",
    "@splitsoftware/splitio",
    "0.0.0",
  ],
  [
    "npm",
    "@squarespace/server",
    "0.0.0",
  ],
  [
    "npm",
    "@strapi/strapi",
    "0.0.0",
  ],
  [
    "npm",
    "@supabase/functions-js",
    "0.0.0",
  ],
  [
    "npm",
    "@supabase/pg-admin-js",
    "0.0.0",
  ],
  [
    "npm",
    "@supabase/postgres-meta",
    "0.0.0",
  ],
  [
    "npm",
    "@supabase/postgrest-js",
    "0.0.0",
  ],
  [
    "npm",
    "@supabase/realtime-js",
    "0.0.0",
  ],
  [
    "npm",
    "@supabase/storage-js",
    "0.0.0",
  ],
  [
    "npm",
    "@supabase/supabase.js",
    "0.0.0",
  ],
  [
    "npm",
    "@sveltejs/vite-plugin-svelte",
    "0.0.0",
  ],
  [
    "npm",
    "@tinybirdco/next-tinybird",
    "0.0.0",
  ],
  [
    "npm",
    "@twilio/cli-core",
    "0.0.0",
  ],
  [
    "npm",
    "@types/aws-lambda",
    "0.0.0",
  ],
  [
    "npm",
    "@types/d3",
    "0.0.0",
  ],
  [
    "npm",
    "@types/d3-shape",
    "0.0.0",
  ],
  [
    "npm",
    "@upstash/kafka",
    "0.0.0",
  ],
  [
    "npm",
    "@upstash/qstash",
    "0.0.0",
  ],
  [
    "npm",
    "@upstash/ratelimit",
    "0.0.0",
  ],
  [
    "npm",
    "@upstash/redis",
    "0.0.0",
  ],
  [
    "npm",
    "@vercel/ai",
    "0.0.0",
  ],
  [
    "npm",
    "@vercel/analytics",
    "0.0.0",
  ],
  [
    "npm",
    "@vercel/blob",
    "0.0.0",
  ],
  [
    "npm",
    "@vercel/client",
    "0.0.0",
  ],
  [
    "npm",
    "@vercel/edge",
    "0.0.0",
  ],
  [
    "npm",
    "@vercel/edge-config",
    "0.0.0",
  ],
  [
    "npm",
    "@vercel/edge-functions-ui",
    "0.0.0",
  ],
  [
    "npm",
    "@vercel/gatsby-plugin-vercel-analytics",
    "0.0.0",
  ],
  [
    "npm",
    "@vercel/gatsby-plugin-vercel-builder",
    "0.0.0",
  ],
  [
    "npm",
    "@vercel/kv",
    "0.0.0",
  ],
  [
    "npm",
    "@vercel/postgres",
    "0.0.0",
  ],
  [
    "npm",
    "@vercel/redwood",
    "0.0.0",
  ],
  [
    "npm",
    "@veriff/incontext-sdk",
    "0.0.0",
  ],
  [
    "npm",
    "@veriff/js-sdk",
    "0.0.0",
  ],
  [
    "npm",
    "@vitalets/google-translate-api",
    "0.0.0",
  ],
  [
    "npm",
    "airtable",
    "0.0.0",
  ],
  [
    "npm",
    "algoliasearch",
    "0.0.0",
  ],
  [
    "npm",
    "alpinejs",
    "0.0.0",
  ],
  [
    "npm",
    "amplitude-js",
    "0.0.0",
  ],
  [
    "npm",
    "amqplib",
    "0.0.0",
  ],
  [
    "npm",
    "angular",
    "0.0.0",
  ],
  [
    "npm",
    "auth0",
    "0.0.0",
  ],
  [
    "npm",
    "aws-amplify",
    "0.0.0",
  ],
  [
    "npm",
    "aws-sdk",
    "0.0.0",
  ],
  [
    "npm",
    "bootstrap",
    "0.0.0",
  ],
  [
    "npm",
    "browserstack",
    "0.0.0",
  ],
  [
    "npm",
    "bunyan-logstash-tcp",
    "0.0.0",
  ],
  [
    "npm",
    "cdktf",
    "0.0.0",
  ],
  [
    "npm",
    "chatgpt",
    "0.0.0",
  ],
  [
    "npm",
    "contentful",
    "0.0.0",
  ],
  [
    "npm",
    "contentful-management",
    "0.0.0",
  ],
  [
    "npm",
    "couchbase",
    "0.0.0",
  ],
  [
    "npm",
    "create-instantsearch-app",
    "0.0.0",
  ],
  [
    "npm",
    "cypress",
    "0.0.0",
  ],
  [
    "npm",
    "d3",
    "0.0.0",
  ],
  [
    "npm",
    "d3-shape",
    "0.0.0",
  ],
  [
    "npm",
    "datadog-metrics",
    "0.0.0",
  ],
  [
    "npm",
    "dd-trace",
    "0.0.0",
  ],
  [
    "npm",
    "discord-interactions",
    "0.0.0",
  ],
  [
    "npm",
    "discord.js",
    "0.0.0",
  ],
  [
    "npm",
    "docsearch.js",
    "0.0.0",
  ],
  [
    "npm",
    "docusign-esign",
    "0.0.0",
  ],
  [
    "npm",
    "electron",
    "0.0.0",
  ],
  [
    "npm",
    "ember",
    "0.0.0",
  ],
  [
    "npm",
    "ember-cli",
    "0.0.0",
  ],
  [
    "npm",
    "ember-data",
    "0.0.0",
  ],
  [
    "npm",
    "ember-source",
    "0.0.0",
  ],
  [
    "npm",
    "esbuild",
    "0.0.0",
  ],
  [
    "npm",
    "eslint",
    "0.0.0",
  ],
  [
    "npm",
    "express",
    "0.0.0",
  ],
  [
    "npm",
    "fastify",
    "0.0.0",
  ],
  [
    "npm",
    "fastly",
    "0.0.0",
  ],
  [
    "npm",
    "fastly/fastly",
    "0.0.0",
  ],
  [
    "npm",
    "firebase",
    "0.0.0",
  ],
  [
    "npm",
    "gatsby",
    "0.0.0",
  ],
  [
    "npm",
    "gatsby-cli",
    "0.0.0",
  ],
  [
    "npm",
    "gatsby-core-utils",
    "0.0.0",
  ],
  [
    "npm",
    "gatsby-plugin-algolia",
    "0.0.0",
  ],
  [
    "npm",
    "gatsby-plugin-typesense",
    "0.0.0",
  ],
  [
    "npm",
    "google-artifactregistry-auth",
    "0.0.0",
  ],
  [
    "npm",
    "google-translate-api-browser",
    "0.0.0",
  ],
  [
    "npm",
    "googleapis",
    "0.0.0",
  ],
  [
    "npm",
    "gpt3-tokenizer",
    "0.0.0",
  ],
  [
    "npm",
    "grammy",
    "0.0.0",
  ],
  [
    "npm",
    "hypertune",
    "0.0.0",
  ],
  [
    "npm",
    "inngest-setup-redwoodjs",
    "0.0.0",
  ],
  [
    "npm",
    "instantsearch.js",
    "0.0.0",
  ],
  [
    "npm",
    "intercom-client",
    "0.0.0",
  ],
  [
    "npm",
    "ioredis",
    "0.0.0",
  ],
  [
    "npm",
    "is-lambda",
    "0.0.0",
  ],
  [
    "npm",
    "jira.js",
    "0.0.0",
  ],
  [
    "npm",
    "jsforce",
    "0.0.0",
  ],
  [
    "npm",
    "kafka-node",
    "0.0.0",
  ],
  [
    "npm",
    "kafkajs",
    "0.0.0",
  ],
  [
    "npm",
    "kafkajs-snappy",
    "0.0.0",
  ],
  [
    "npm",
    "koa",
    "0.0.0",
  ],
  [
    "npm",
    "koyeb-api-client",
    "0.0.0",
  ],
  [
    "npm",
    "launchdarkly-react-client-sdk",
    "0.0.0",
  ],
  [
    "npm",
    "lemonsqueezy.ts",
    "0.0.0",
  ],
  [
    "npm",
    "lighthouse",
    "0.0.0",
  ],
  [
    "npm",
    "logrocket",
    "0.0.0",
  ],
  [
    "npm",
    "logsnag",
    "0.0.0",
  ],
  [
    "npm",
    "mailgun.js",
    "0.0.0",
  ],
  [
    "npm",
    "mariadb",
    "0.0.0",
  ],
  [
    "npm",
    "meilisearch",
    "0.0.0",
  ],
  [
    "npm",
    "memcached",
    "0.0.0",
  ],
  [
    "npm",
    "meteor",
    "0.0.0",
  ],
  [
    "npm",
    "meteor-node-stubs",
    "0.0.0",
  ],
  [
    "npm",
    "miniflare",
    "0.0.0",
  ],
  [
    "npm",
    "mithril",
    "0.0.0",
  ],
  [
    "npm",
    "mongoose",
    "0.0.0",
  ],
  [
    "npm",
    "mysql",
    "0.0.0",
  ],
  [
    "npm",
    "mysql2",
    "0.0.0",
  ],
  [
    "npm",
    "neo4j-driver",
    "0.0.0",
  ],
  [
    "npm",
    "netlify",
    "0.0.0",
  ],
  [
    "npm",
    "netlify-cli",
    "0.0.0",
  ],
  [
    "npm",
    "newman",
    "0.0.0",
  ],
  [
    "npm",
    "newrelic",
    "0.0.0",
  ],
  [
    "npm",
    "next",
    "0.0.0",
  ],
  [
    "npm",
    "ng-intercom",
    "0.0.0",
  ],
  [
    "npm",
    "node-coveralls",
    "0.0.0",
  ],
  [
    "npm",
    "node-mailjet",
    "0.0.0",
  ],
  [
    "npm",
    "node-telegram-bot-api",
    "0.0.0",
  ],
  [
    "npm",
    "node-zendesk",
    "0.0.0",
  ],
  [
    "npm",
    "nuxt",
    "0.0.0",
  ],
  [
    "npm",
    "oci-sdk",
    "0.0.0",
  ],
  [
    "npm",
    "octokit",
    "0.0.0",
  ],
  [
    "npm",
    "openai",
    "0.0.0",
  ],
  [
    "npm",
    "opentelemetry-instrumentation-kafkajs",
    "0.0.0",
  ],
  [
    "npm",
    "paypal-rest-sdk",
    "0.0.0",
  ],
  [
    "npm",
    "pg",
    "0.0.0",
  ],
  [
    "npm",
    "php-coveralls",
    "0.0.0",
  ],
  [
    "npm",
    "pino-papertrail",
    "0.0.0",
  ],
  [
    "npm",
    "pirsch-sdk",
    "0.0.0",
  ],
  [
    "npm",
    "playwright",
    "0.0.0",
  ],
  [
    "npm",
    "posthog-js",
    "0.0.0",
  ],
  [
    "npm",
    "posthog-node",
    "0.0.0",
  ],
  [
    "npm",
    "posthog-react-native",
    "0.0.0",
  ],
  [
    "npm",
    "postman-cli",
    "0.0.0",
  ],
  [
    "npm",
    "postman-collection",
    "0.0.0",
  ],
  [
    "npm",
    "postman-request",
    "0.0.0",
  ],
  [
    "npm",
    "postmark",
    "0.0.0",
  ],
  [
    "npm",
    "preact",
    "0.0.0",
  ],
  [
    "npm",
    "prettier",
    "0.0.0",
  ],
  [
    "npm",
    "prisma",
    "0.0.0",
  ],
  [
    "npm",
    "puppeteer",
    "0.0.0",
  ],
  [
    "npm",
    "react",
    "0.0.0",
  ],
  [
    "npm",
    "react-email",
    "0.0.0",
  ],
  [
    "npm",
    "react-instantsearch",
    "0.0.0",
  ],
  [
    "npm",
    "react-use-intercom",
    "0.0.0",
  ],
  [
    "npm",
    "redis",
    "0.0.0",
  ],
  [
    "npm",
    "renovate",
    "0.0.0",
  ],
  [
    "npm",
    "resend",
    "0.0.0",
  ],
  [
    "npm",
    "rollbar",
    "0.0.0",
  ],
  [
    "npm",
    "rollbar-react-native",
    "0.0.0",
  ],
  [
    "npm",
    "rollup",
    "0.0.0",
  ],
  [
    "npm",
    "sanity",
    "0.0.0",
  ],
  [
    "npm",
    "scoutapp/scout-apm-laravel",
    "0.0.0",
  ],
  [
    "npm",
    "sequelize",
    "0.0.0",
  ],
  [
    "npm",
    "shopify-api-node",
    "0.0.0",
  ],
  [
    "npm",
    "snyk",
    "0.0.0",
  ],
  [
    "npm",
    "socket.io",
    "0.0.0",
  ],
  [
    "npm",
    "solid-js",
    "0.0.0",
  ],
  [
    "npm",
    "sqlite3",
    "0.0.0",
  ],
  [
    "npm",
    "sqreen",
    "0.0.0",
  ],
  [
    "npm",
    "storybook",
    "0.0.0",
  ],
  [
    "npm",
    "strapi",
    "0.0.0",
  ],
  [
    "npm",
    "stripe",
    "0.0.0",
  ],
  [
    "npm",
    "supabase/functions-php",
    "0.0.0",
  ],
  [
    "npm",
    "svelte",
    "0.0.0",
  ],
  [
    "npm",
    "tailwindcss",
    "0.0.0",
  ],
  [
    "npm",
    "telegraf",
    "0.0.0",
  ],
  [
    "npm",
    "telegram",
    "0.0.0",
  ],
  [
    "npm",
    "twilio",
    "0.0.0",
  ],
  [
    "npm",
    "typescript",
    "0.0.0",
  ],
  [
    "npm",
    "typesense",
    "0.0.0",
  ],
  [
    "npm",
    "typesense-instantsearch-adapter",
    "0.0.0",
  ],
  [
    "npm",
    "vercel",
    "0.0.0",
  ],
  [
    "npm",
    "vite",
    "0.0.0",
  ],
  [
    "npm",
    "vue",
    "0.0.0",
  ],
  [
    "npm",
    "vue-instantsearch",
    "0.0.0",
  ],
  [
    "npm",
    "webflow-api",
    "0.0.0",
  ],
  [
    "npm",
    "webpack",
    "0.0.0",
  ],
  [
    "npm",
    "winston-papertrail",
    "0.0.0",
  ],
  [
    "npm",
    "wrangler",
    "0.0.0",
  ],
]
`;
